// Vitest Snapshot v1, https://vitest.dev/guide/snapshot.html

exports[`HeroCard component > should match snapshot 1`] = `Screen {}`;
