// Vitest Snapshot v1, https://vitest.dev/guide/snapshot.html

exports[`Footer component > should match snapshot 1`] = `<DocumentFragment />`;
